******************************************************************************
                  TI ARM Linker PC v20.2.7                     
******************************************************************************
>> Linked Mon Apr  3 23:53:35 2023

OUTPUT FILE NAME:   <brakeout.out>
ENTRY POINT SYMBOL: "_c_int00_noargs"  address: 00000b59


MEMORY CONFIGURATION

         name            origin    length      used     unused   attr    fill
----------------------  --------  ---------  --------  --------  ----  --------
  FLASH                 00000000   00040000  00000c88  0003f378  R  X
  SRAM                  20000000   00008000  000003b9  00007c47  RW X


SEGMENT ALLOCATION MAP

run origin  load origin   length   init length attrs members
----------  ----------- ---------- ----------- ----- -------
00000000    00000000    00000c88   00000c88    r-x
  00000000    00000000    0000026c   0000026c    r-- .intvecs
  0000026c    0000026c    0000094c   0000094c    r-x .text
  00000bb8    00000bb8    000000d0   000000d0    r-- .cinit
20000000    20000000    000003b9   00000000    rw-
  20000000    20000000    00000200   00000000    rw- .stack
  20000200    20000200    000001b9   00000000    rw- .data


SECTION ALLOCATION MAP

 output                                  attributes/
section   page    origin      length       input sections
--------  ----  ----------  ----------   ----------------
.intvecs   0    00000000    0000026c     
                  00000000    0000026c     tm4c123gh6pm_startup_ccs.obj (.intvecs)

.text      0    0000026c    0000094c     
                  0000026c    00000332     uart.obj (.text)
                  0000059e    00000002     --HOLE-- [fill = 0]
                  000005a0    00000204     timer.obj (.text)
                  000007a4    000001d0     brakeout.obj (.text)
                  00000974    0000009c     rtsv7M4_T_le_v4SPD16_eabi.lib : memcpy_t2.asm.obj (.text)
                  00000a10    0000009a     gpio_lib.obj (.text)
                  00000aaa    00000068     rtsv7M4_T_le_v4SPD16_eabi.lib : copy_decompress_lzss.c.obj (.text:decompress:lzss:__TI_decompress_lzss)
                  00000b12    00000002     --HOLE-- [fill = 0]
                  00000b14    00000044                                   : autoinit.c.obj (.text:__TI_auto_init_nobinit_nopinit:__TI_auto_init_nobinit_nopinit)
                  00000b58    00000034                                   : boot_cortex_m.c.obj (.text:_c_int00_noargs:_c_int00_noargs)
                  00000b8c    0000000e                                   : copy_decompress_none.c.obj (.text:decompress:none:__TI_decompress_none)
                  00000b9a    0000000c     tm4c123gh6pm_startup_ccs.obj (.text)
                  00000ba6    0000000a     main.obj (.text)
                  00000bb0    00000004     rtsv7M4_T_le_v4SPD16_eabi.lib : pre_init.c.obj (.text:_system_pre_init)
                  00000bb4    00000004                                   : exit.c.obj (.text:abort:abort)

.cinit     0    00000bb8    000000d0     
                  00000bb8    000000bd     (.cinit..data.load) [load image, compression = lzss]
                  00000c75    00000003     --HOLE-- [fill = 0]
                  00000c78    00000008     (__TI_handler_table)
                  00000c80    00000008     (__TI_cinit_table)

.init_array 
*          0    00000000    00000000     UNINITIALIZED

.data      0    20000200    000001b9     UNINITIALIZED
                  20000200    000001a5     brakeout.obj (.data)
                  200003a5    00000001     uart.obj (.data)
                  200003a6    00000002     --HOLE--
                  200003a8    00000011     timer.obj (.data)

.stack     0    20000000    00000200     UNINITIALIZED
                  20000000    00000004     rtsv7M4_T_le_v4SPD16_eabi.lib : boot_cortex_m.c.obj (.stack)
                  20000004    000001fc     --HOLE--

__llvm_prf_cnts 
*          0    20000000    00000000     UNINITIALIZED

MODULE SUMMARY

       Module                         code   ro data   rw data
       ------                         ----   -------   -------
    .\
       brakeout.obj                   464    0         421    
       uart.obj                       818    0         1      
       tm4c123gh6pm_startup_ccs.obj   12     620       0      
       timer.obj                      516    0         17     
       gpio_lib.obj                   154    0         0      
       main.obj                       10     0         0      
    +--+------------------------------+------+---------+---------+
       Total:                         1974   620       439    
                                                              
    C:\ti\ccs1220\ccs\tools\compiler\ti-cgt-arm_20.2.7.LTS\lib\rtsv7M4_T_le_v4SPD16_eabi.lib
       memcpy_t2.asm.obj              156    0         0      
       copy_decompress_lzss.c.obj     104    0         0      
       autoinit.c.obj                 68     0         0      
       boot_cortex_m.c.obj            52     0         0      
       copy_decompress_none.c.obj     14     0         0      
       exit.c.obj                     4      0         0      
       pre_init.c.obj                 4      0         0      
    +--+------------------------------+------+---------+---------+
       Total:                         402    0         0      
                                                              
       Stack:                         0      0         512    
       Linker Generated:              0      205       0      
    +--+------------------------------+------+---------+---------+
       Grand Total:                   2376   825       951    


LINKER GENERATED COPY TABLES

__TI_cinit_table @ 00000c80 records: 1, size/record: 8, table size: 8
	.data: load addr=00000bb8, load size=000000bd bytes, run addr=20000200, run size=000001b9 bytes, compression=lzss


LINKER GENERATED HANDLER TABLE

__TI_handler_table @ 00000c78 records: 2, size/record: 4, table size: 8
	index: 0, handler: __TI_decompress_lzss
	index: 1, handler: __TI_decompress_none


GLOBAL SYMBOLS: SORTED ALPHABETICALLY BY Name 

address   name                          
-------   ----                          
00000bb5  C$$EXIT                       
00000b9b  ResetISR                      
00000a7f  Switch_Handler                
00000685  Timer0_Handler                
0000078b  Timer1_Handler                
0000032b  UART0_Handler                 
20000200  __STACK_END                   
00000200  __STACK_SIZE                  
20000200  __STACK_TOP                   
00000c80  __TI_CINIT_Base               
00000c88  __TI_CINIT_Limit              
00000c78  __TI_Handler_Table_Base       
00000c80  __TI_Handler_Table_Limit      
00000b15  __TI_auto_init_nobinit_nopinit
00000aab  __TI_decompress_lzss          
00000b8d  __TI_decompress_none          
ffffffff  __TI_pprof_out_hndl           
ffffffff  __TI_prof_data_size           
ffffffff  __TI_prof_data_start          
00000000  __TI_static_base__            
00000975  __aeabi_memcpy                
00000975  __aeabi_memcpy4               
00000975  __aeabi_memcpy8               
ffffffff  __binit__                     
ffffffff  __c_args__                    
UNDEFED   __mpu_init                    
20000000  __stack                       
20000000  __start___llvm_prf_cnts       
20000000  __stop___llvm_prf_cnts        
00000b59  _c_int00_noargs               
UNDEFED   _system_post_cinit            
00000bb1  _system_pre_init              
00000bb5  abort                         
ffffffff  binit                         
00000815  brakeout                      
00000843  drawBoard                     
00000000  g_pfnVectors                  
00000a27  gpio_interrupt_init           
00000a11  illuminate_RGB_LED            
00000501  int2string                    
00000ba7  main                          
00000975  memcpy                        
000003d7  output_character              
00000453  output_string                 
000003fb  read_string                   
000003c9  simple_read_character         
0000055d  string2int                    
000005ad  timer0_init                   
00000621  timer1_init                   
00000271  uart_init                     
000002fb  uart_interrupt_init           
200003a5  user_entry                    


GLOBAL SYMBOLS: SORTED BY Symbol Address 

address   name                          
-------   ----                          
00000000  __TI_static_base__            
00000000  g_pfnVectors                  
00000200  __STACK_SIZE                  
00000271  uart_init                     
000002fb  uart_interrupt_init           
0000032b  UART0_Handler                 
000003c9  simple_read_character         
000003d7  output_character              
000003fb  read_string                   
00000453  output_string                 
00000501  int2string                    
0000055d  string2int                    
000005ad  timer0_init                   
00000621  timer1_init                   
00000685  Timer0_Handler                
0000078b  Timer1_Handler                
00000815  brakeout                      
00000843  drawBoard                     
00000975  __aeabi_memcpy                
00000975  __aeabi_memcpy4               
00000975  __aeabi_memcpy8               
00000975  memcpy                        
00000a11  illuminate_RGB_LED            
00000a27  gpio_interrupt_init           
00000a7f  Switch_Handler                
00000aab  __TI_decompress_lzss          
00000b15  __TI_auto_init_nobinit_nopinit
00000b59  _c_int00_noargs               
00000b8d  __TI_decompress_none          
00000b9b  ResetISR                      
00000ba7  main                          
00000bb1  _system_pre_init              
00000bb5  C$$EXIT                       
00000bb5  abort                         
00000c78  __TI_Handler_Table_Base       
00000c80  __TI_CINIT_Base               
00000c80  __TI_Handler_Table_Limit      
00000c88  __TI_CINIT_Limit              
20000000  __stack                       
20000000  __start___llvm_prf_cnts       
20000000  __stop___llvm_prf_cnts        
20000200  __STACK_END                   
20000200  __STACK_TOP                   
200003a5  user_entry                    
ffffffff  __TI_pprof_out_hndl           
ffffffff  __TI_prof_data_size           
ffffffff  __TI_prof_data_start          
ffffffff  __binit__                     
ffffffff  __c_args__                    
ffffffff  binit                         
UNDEFED   __mpu_init                    
UNDEFED   _system_post_cinit            

[52 symbols]
